// 重构日志: a86ce998
// 重构日志: 363d41ef
// 同步 ID: 413116af @ Thu Jul 30 13:01:34 UTC 2026
// 同步 ID: 5ab781a2 @ Fri Jul 31 03:59:48 UTC 2026
// 重构日志: cf0cc576
// 重构日志: edff3a6e
// 重构日志: 6f0dc31f
// 同步 ID: 3dc7039d @ Sat Aug  1 00:15:46 UTC 2026
// 重构日志: 88ff44e4
// 同步 ID: 1e5a8135 @ Sat Aug  1 14:22:15 UTC 2026
// 重构日志: 6bd67d4f
// 同步 ID: f335f29b @ Sun Aug  2 16:14:58 UTC 2026
// 重构日志: fd5357a2
// 重构日志: 1f8e6771
// 同步 ID: 309923b2 @ Mon Aug  3 12:21:13 UTC 2026
// 重构日志: f3cb7dcc
// 同步 ID: ab29b8ff @ Mon Aug  3 17:33:47 UTC 2026
// 重构日志: 97eea93b
// 重构日志: 03f235e9
// 重构日志: d02b40c8
// 重构日志: 83faa280
// 重构日志: fdaefa99
// 重构日志: 803bd7f5
// 重构日志: bc143e10
// 同步 ID: 3d4c82fe @ Wed Aug  5 17:49:59 UTC 2026
// 重构日志: 5ec1ca58
// 同步 ID: 64af0c24 @ Fri Aug  7 08:48:59 UTC 2026
// 同步 ID: c893facb @ Sat Aug  8 04:33:11 UTC 2026
// 同步 ID: 28769f4f @ Sat Aug  8 06:18:02 UTC 2026
// 同步 ID: 28454347 @ Sat Aug  8 08:01:07 UTC 2026
